{
  "baseline_type": "random_document_sentence_boundary_suffix_deletion",
  "matching_policy": "Match E2 modified-document count exactly and match the per-document deleted-character distribution approximately at valid sentence boundaries. No watermark ground truth is used for selection.",
  "input_document_count": 3633,
  "target_modified_document_count": 174,
  "target_total_deleted_chars": 37586,
  "target_deleted_char_rate": 0.006485141596111607,
  "target_deleted_char_lengths": [
    632,
    70,
    296,
    83,
    214,
    354,
    420,
    121,
    620,
    467,
    62,
    33,
    377,
    353,
    198,
    76,
    65,
    1166,
    79,
    210,
    409,
    91,
    100,
    980,
    89,
    264,
    287,
    667,
    167,
    161,
    139,
    538,
    274,
    511,
    108,
    98,
    104,
    99,
    57,
    62,
    62,
    52,
    90,
    111,
    89,
    77,
    62,
    469,
    51,
    84,
    246,
    117,
    169,
    180,
    66,
    49,
    415,
    275,
    203,
    160,
    62,
    85,
    74,
    63,
    374,
    386,
    243,
    291,
    69,
    132,
    223,
    216,
    157,
    77,
    86,
    423,
    216,
    76,
    62,
    243,
    293,
    62,
    84,
    66,
    53,
    360,
    162,
    70,
    46,
    584,
    140,
    718,
    417,
    420,
    35,
    174,
    61,
    91,
    100,
    223,
    60,
    128,
    144,
    192,
    65,
    224,
    201,
    52,
    382,
    94,
    88,
    71,
    283,
    204,
    53,
    226,
    83,
    617,
    303,
    81,
    317,
    213,
    111,
    570,
    93,
    83,
    303,
    210,
    60,
    452,
    111,
    67,
    168,
    346,
    97,
    386,
    507,
    234,
    75,
    317,
    416,
    251,
    42,
    943,
    452,
    196,
    76,
    321,
    61,
    72,
    257,
    100,
    542,
    183,
    178,
    244,
    39,
    82,
    102,
    81,
    124,
    71,
    135,
    89,
    157,
    98,
    120,
    180,
    1046,
    122,
    83,
    302,
    240,
    65
  ],
  "target_deletion_step_counts": [
    3,
    1,
    1,
    1,
    1,
    1,
    2,
    1,
    1,
    2,
    1,
    1,
    3,
    1,
    1,
    1,
    1,
    5,
    1,
    1,
    1,
    1,
    1,
    3,
    1,
    1,
    3,
    3,
    2,
    1,
    2,
    1,
    1,
    1,
    1,
    1,
    1,
    1,
    1,
    1,
    1,
    1,
    1,
    2,
    1,
    1,
    1,
    1,
    1,
    1,
    1,
    1,
    1,
    1,
    1,
    1,
    1,
    1,
    1,
    1,
    1,
    1,
    1,
    1,
    1,
    1,
    1,
    1,
    1,
    1,
    1,
    1,
    2,
    1,
    1,
    1,
    1,
    1,
    1,
    3,
    1,
    1,
    1,
    1,
    1,
    1,
    1,
    1,
    1,
    1,
    2,
    3,
    2,
    1,
    1,
    1,
    1,
    1,
    1,
    1,
    1,
    2,
    1,
    1,
    1,
    1,
    1,
    1,
    1,
    1,
    1,
    1,
    1,
    1,
    1,
    1,
    1,
    2,
    1,
    1,
    1,
    2,
    1,
    1,
    1,
    1,
    1,
    1,
    1,
    1,
    1,
    1,
    1,
    1,
    1,
    1,
    1,
    1,
    1,
    1,
    1,
    1,
    1,
    1,
    2,
    1,
    1,
    1,
    1,
    1,
    1,
    1,
    3,
    1,
    1,
    3,
    1,
    1,
    1,
    1,
    1,
    1,
    1,
    1,
    2,
    1,
    2,
    1,
    2,
    1,
    1,
    1,
    1,
    1
  ],
  "deleted_char_distribution": {
    "min": 33,
    "q25": 79.5,
    "median": 142.0,
    "q75": 290.0,
    "max": 1166,
    "mean": 216.01149425287358
  },
  "e2_summary_path": "/root/autodl-tmp/ragwm_storage/output/sanitization_e2e_nf_strict_v1/conditions/e2_gainratio_aligned_sensitivity/sanitization/gainratio_sanitization_summary.json",
  "e2_summary_sha256": "66e7020f6f21458615334026ca16fa11c6e456deb6a847e8d738eef57a203e29",
  "e2_deletion_log_path": "/root/autodl-tmp/ragwm_storage/output/sanitization_e2e_nf_strict_v1/conditions/e2_gainratio_aligned_sensitivity/sanitization/gainratio_deletion_log.jsonl",
  "e2_deletion_log_sha256": "9fda579dc5f07b202d6607ebe1f2c141fa0c3b34c1324bdab8dc39e80a704447"
}
E3 BUDGET FREEZE PASS
