{
  "total": 30,
  "e0_watermarked_WSN": 26,
  "e1_oracle": {
    "WSN": 5,
    "absolute_WSN_drop_from_e0": 21,
    "relative_WSN_reduction_from_e0": 0.8076923076923077,
    "paired_yes_to_no": 23,
    "paired_yes_to_yes": 3,
    "paired_no_to_yes": 2,
    "paired_attack_success_rate": 0.8846153846153846,
    "unknown_count": 0
  },
  "e2_gainratio": {
    "WSN": 21,
    "absolute_WSN_drop_from_e0": 5,
    "relative_WSN_reduction_from_e0": 0.19230769230769232,
    "paired_yes_to_no": 5,
    "paired_yes_to_yes": 21,
    "paired_no_to_yes": 0,
    "paired_attack_success_rate": 0.19230769230769232,
    "unknown_count": 0
  },
  "e2_oracle_gap_closure": 0.23809523809523808,
  "random_seed_count": 5,
  "random_WSN_values": [
    22,
    25,
    25,
    22,
    25
  ],
  "random_WSN_mean": 23.8,
  "random_WSN_std": 1.6431676725154984,
  "random_WSN_min": 22,
  "random_WSN_max": 25,
  "random_paired_ASR_mean": 0.08461538461538462,
  "gainratio_WSN_advantage_vs_random_mean": 2.8000000000000007,
  "gainratio_beats_random_seed_count": 5,
  "gainratio_ties_random_seed_count": 0,
  "gainratio_worse_than_random_seed_count": 0,
  "random_results": [
    {
      "WSN": 22,
      "absolute_WSN_drop_from_e0": 4,
      "relative_WSN_reduction_from_e0": 0.15384615384615385,
      "paired_yes_to_no": 4,
      "paired_yes_to_yes": 22,
      "paired_no_to_yes": 0,
      "paired_attack_success_rate": 0.15384615384615385,
      "unknown_count": 0,
      "seed": 101,
      "budget": {
        "seed": 101,
        "input_document_count": 3633,
        "eligible_document_count": 3630,
        "modified_document_count": 174,
        "target_modified_document_count": 174,
        "modified_document_count_match": true,
        "target_total_deleted_chars": 37586,
        "actual_total_deleted_chars": 37753,
        "absolute_total_budget_error": 167,
        "relative_total_budget_error": 0.00444314372372692,
        "budget_match_pass": true,
        "selection_uses_ground_truth": false,
        "selection_policy": "Uniformly randomized eligible-document pool with sentence-boundary suffix cuts chosen to approximately match E2 per-document deletion lengths.",
        "corpus": "/root/autodl-tmp/ragwm_storage/output/sanitization_e2e_nf_strict_v1/conditions/e3_random_aligned_v2/seed_101/sanitization/random_sanitized_corpus.jsonl",
        "corpus_sha256": "b1f4a4c70f53318fd98252d6ffeb05186f6c7cc008d89bd7b2ccc2f6d085bba7",
        "deletion_log": "/root/autodl-tmp/ragwm_storage/output/sanitization_e2e_nf_strict_v1/conditions/e3_random_aligned_v2/seed_101/sanitization/random_deletion_log.jsonl",
        "deletion_log_sha256": "a8a4ac3d8bfdb0f08675344625fc31fe0db81c51c272c269f53c06d4fbd9a0ea"
      },
      "posthoc_ground_truth": {
        "note": "Ground truth is used only after random selection for audit.",
        "document_count": 3633,
        "known_watermark_text_count": 222,
        "watermarked_document_count_by_exact_scan": 143,
        "modified_document_count": 174,
        "randomly_hit_watermarked_documents": 13,
        "randomly_modified_clean_documents": 161,
        "unmodified_watermarked_documents": 130,
        "unmodified_clean_documents": 3329,
        "document_precision_against_watermark": 0.07471264367816093,
        "watermarked_document_hit_rate": 0.09090909090909091,
        "clean_document_modification_rate": 0.046131805157593124,
        "exact_watermark_occurrences_before": 223,
        "exact_watermark_occurrences_after": 209,
        "exact_watermark_occurrence_removal_rate": 0.06278026905829596,
        "documents_with_any_exact_watermark_after": 136
      }
    },
    {
      "WSN": 25,
      "absolute_WSN_drop_from_e0": 1,
      "relative_WSN_reduction_from_e0": 0.038461538461538464,
      "paired_yes_to_no": 1,
      "paired_yes_to_yes": 25,
      "paired_no_to_yes": 0,
      "paired_attack_success_rate": 0.038461538461538464,
      "unknown_count": 0,
      "seed": 202,
      "budget": {
        "seed": 202,
        "input_document_count": 3633,
        "eligible_document_count": 3630,
        "modified_document_count": 174,
        "target_modified_document_count": 174,
        "modified_document_count_match": true,
        "target_total_deleted_chars": 37586,
        "actual_total_deleted_chars": 37748,
        "absolute_total_budget_error": 162,
        "relative_total_budget_error": 0.004310115468525515,
        "budget_match_pass": true,
        "selection_uses_ground_truth": false,
        "selection_policy": "Uniformly randomized eligible-document pool with sentence-boundary suffix cuts chosen to approximately match E2 per-document deletion lengths.",
        "corpus": "/root/autodl-tmp/ragwm_storage/output/sanitization_e2e_nf_strict_v1/conditions/e3_random_aligned_v2/seed_202/sanitization/random_sanitized_corpus.jsonl",
        "corpus_sha256": "9c80539cdc610c4214a0b76cea7c525fc0f68aed6d6f537b277faece3fa510b4",
        "deletion_log": "/root/autodl-tmp/ragwm_storage/output/sanitization_e2e_nf_strict_v1/conditions/e3_random_aligned_v2/seed_202/sanitization/random_deletion_log.jsonl",
        "deletion_log_sha256": "bbc23ecbd1bda2496bba83e7540d1055136ad3b37dee97d80008537c89bd43a9"
      },
      "posthoc_ground_truth": {
        "note": "Ground truth is used only after random selection for audit.",
        "document_count": 3633,
        "known_watermark_text_count": 222,
        "watermarked_document_count_by_exact_scan": 143,
        "modified_document_count": 174,
        "randomly_hit_watermarked_documents": 16,
        "randomly_modified_clean_documents": 158,
        "unmodified_watermarked_documents": 127,
        "unmodified_clean_documents": 3332,
        "document_precision_against_watermark": 0.09195402298850575,
        "watermarked_document_hit_rate": 0.11188811188811189,
        "clean_document_modification_rate": 0.04527220630372493,
        "exact_watermark_occurrences_before": 223,
        "exact_watermark_occurrences_after": 204,
        "exact_watermark_occurrence_removal_rate": 0.08520179372197309,
        "documents_with_any_exact_watermark_after": 130
      }
    },
    {
      "WSN": 25,
      "absolute_WSN_drop_from_e0": 1,
      "relative_WSN_reduction_from_e0": 0.038461538461538464,
      "paired_yes_to_no": 1,
      "paired_yes_to_yes": 25,
      "paired_no_to_yes": 0,
      "paired_attack_success_rate": 0.038461538461538464,
      "unknown_count": 0,
      "seed": 303,
      "budget": {
        "seed": 303,
        "input_document_count": 3633,
        "eligible_document_count": 3630,
        "modified_document_count": 174,
        "target_modified_document_count": 174,
        "modified_document_count_match": true,
        "target_total_deleted_chars": 37586,
        "actual_total_deleted_chars": 37754,
        "absolute_total_budget_error": 168,
        "relative_total_budget_error": 0.0044697493747672,
        "budget_match_pass": true,
        "selection_uses_ground_truth": false,
        "selection_policy": "Uniformly randomized eligible-document pool with sentence-boundary suffix cuts chosen to approximately match E2 per-document deletion lengths.",
        "corpus": "/root/autodl-tmp/ragwm_storage/output/sanitization_e2e_nf_strict_v1/conditions/e3_random_aligned_v2/seed_303/sanitization/random_sanitized_corpus.jsonl",
        "corpus_sha256": "e192cb2582275a18c9a4fd2956b89e660dd6bdfa39ebf3413a1f12c057732c91",
        "deletion_log": "/root/autodl-tmp/ragwm_storage/output/sanitization_e2e_nf_strict_v1/conditions/e3_random_aligned_v2/seed_303/sanitization/random_deletion_log.jsonl",
        "deletion_log_sha256": "3fcdb3240df8fc09b3738d8915a94832f139e41569a14f5580b33b66ec304049"
      },
      "posthoc_ground_truth": {
        "note": "Ground truth is used only after random selection for audit.",
        "document_count": 3633,
        "known_watermark_text_count": 222,
        "watermarked_document_count_by_exact_scan": 143,
        "modified_document_count": 174,
        "randomly_hit_watermarked_documents": 17,
        "randomly_modified_clean_documents": 157,
        "unmodified_watermarked_documents": 126,
        "unmodified_clean_documents": 3333,
        "document_precision_against_watermark": 0.09770114942528736,
        "watermarked_document_hit_rate": 0.11888111888111888,
        "clean_document_modification_rate": 0.04498567335243553,
        "exact_watermark_occurrences_before": 223,
        "exact_watermark_occurrences_after": 201,
        "exact_watermark_occurrence_removal_rate": 0.09865470852017937,
        "documents_with_any_exact_watermark_after": 134
      }
    },
    {
      "WSN": 22,
      "absolute_WSN_drop_from_e0": 4,
      "relative_WSN_reduction_from_e0": 0.15384615384615385,
      "paired_yes_to_no": 4,
      "paired_yes_to_yes": 22,
      "paired_no_to_yes": 0,
      "paired_attack_success_rate": 0.15384615384615385,
      "unknown_count": 0,
      "seed": 404,
      "budget": {
        "seed": 404,
        "input_document_count": 3633,
        "eligible_document_count": 3630,
        "modified_document_count": 174,
        "target_modified_document_count": 174,
        "modified_document_count_match": true,
        "target_total_deleted_chars": 37586,
        "actual_total_deleted_chars": 37754,
        "absolute_total_budget_error": 168,
        "relative_total_budget_error": 0.0044697493747672,
        "budget_match_pass": true,
        "selection_uses_ground_truth": false,
        "selection_policy": "Uniformly randomized eligible-document pool with sentence-boundary suffix cuts chosen to approximately match E2 per-document deletion lengths.",
        "corpus": "/root/autodl-tmp/ragwm_storage/output/sanitization_e2e_nf_strict_v1/conditions/e3_random_aligned_v2/seed_404/sanitization/random_sanitized_corpus.jsonl",
        "corpus_sha256": "904a734bf9a8e8cc6001b74d1c0a65a49898ab3c6d8fa78d626de5343b9f2c23",
        "deletion_log": "/root/autodl-tmp/ragwm_storage/output/sanitization_e2e_nf_strict_v1/conditions/e3_random_aligned_v2/seed_404/sanitization/random_deletion_log.jsonl",
        "deletion_log_sha256": "351fbb04cd1fef3d112f4fcae27d74e838a9f6ef435de233705ed55fd5b71152"
      },
      "posthoc_ground_truth": {
        "note": "Ground truth is used only after random selection for audit.",
        "document_count": 3633,
        "known_watermark_text_count": 222,
        "watermarked_document_count_by_exact_scan": 143,
        "modified_document_count": 174,
        "randomly_hit_watermarked_documents": 21,
        "randomly_modified_clean_documents": 153,
        "unmodified_watermarked_documents": 122,
        "unmodified_clean_documents": 3337,
        "document_precision_against_watermark": 0.1206896551724138,
        "watermarked_document_hit_rate": 0.14685314685314685,
        "clean_document_modification_rate": 0.043839541547277934,
        "exact_watermark_occurrences_before": 223,
        "exact_watermark_occurrences_after": 197,
        "exact_watermark_occurrence_removal_rate": 0.11659192825112108,
        "documents_with_any_exact_watermark_after": 126
      }
    },
    {
      "WSN": 25,
      "absolute_WSN_drop_from_e0": 1,
      "relative_WSN_reduction_from_e0": 0.038461538461538464,
      "paired_yes_to_no": 1,
      "paired_yes_to_yes": 25,
      "paired_no_to_yes": 0,
      "paired_attack_success_rate": 0.038461538461538464,
      "unknown_count": 0,
      "seed": 505,
      "budget": {
        "seed": 505,
        "input_document_count": 3633,
        "eligible_document_count": 3630,
        "modified_document_count": 174,
        "target_modified_document_count": 174,
        "modified_document_count_match": true,
        "target_total_deleted_chars": 37586,
        "actual_total_deleted_chars": 37751,
        "absolute_total_budget_error": 165,
        "relative_total_budget_error": 0.004389932421646358,
        "budget_match_pass": true,
        "selection_uses_ground_truth": false,
        "selection_policy": "Uniformly randomized eligible-document pool with sentence-boundary suffix cuts chosen to approximately match E2 per-document deletion lengths.",
        "corpus": "/root/autodl-tmp/ragwm_storage/output/sanitization_e2e_nf_strict_v1/conditions/e3_random_aligned_v2/seed_505/sanitization/random_sanitized_corpus.jsonl",
        "corpus_sha256": "6e178a4a72e5ed932871d1cfeded645d4985a22169cdd683e5770b53865741c0",
        "deletion_log": "/root/autodl-tmp/ragwm_storage/output/sanitization_e2e_nf_strict_v1/conditions/e3_random_aligned_v2/seed_505/sanitization/random_deletion_log.jsonl",
        "deletion_log_sha256": "fbf1b649609fec2414ea47ec43a2df8ecc7e7f5ebffb6c48ba6fddcdc2538542"
      },
      "posthoc_ground_truth": {
        "note": "Ground truth is used only after random selection for audit.",
        "document_count": 3633,
        "known_watermark_text_count": 222,
        "watermarked_document_count_by_exact_scan": 143,
        "modified_document_count": 174,
        "randomly_hit_watermarked_documents": 12,
        "randomly_modified_clean_documents": 162,
        "unmodified_watermarked_documents": 131,
        "unmodified_clean_documents": 3328,
        "document_precision_against_watermark": 0.06896551724137931,
        "watermarked_document_hit_rate": 0.08391608391608392,
        "clean_document_modification_rate": 0.046418338108882524,
        "exact_watermark_occurrences_before": 223,
        "exact_watermark_occurrences_after": 209,
        "exact_watermark_occurrence_removal_rate": 0.06278026905829596,
        "documents_with_any_exact_watermark_after": 136
      }
    }
  ],
  "all_runs_valid": true
}
E0/E1/E2/E3 COMPARISON PASS
