{
  "baseline_type": "random_document_sentence_boundary_suffix_deletion",
  "matching_policy": "Match E2 modified-document count exactly and match the per-document deleted-character distribution approximately at valid sentence boundaries. No watermark ground truth is used for selection.",
  "input_document_count": 3633,
  "target_modified_document_count": 174,
  "target_total_deleted_chars": 37586,
  "target_deleted_char_rate": 0.006485141596111607,
  "target_deleted_char_lengths": [
    632,
    70,
    296,
    83,
    214,
    354,
    420,
    121,
    620,
    467,
    62,
    33,
    377,
    353,
    198,
    76,
    65,
    1166,
    79,
    210,
    409,
    91,
    100,
    980,
    89,
    264,
    287,
    667,
    167,
    161,
    139,
    538,
    274,
    511,
    108,
    98,
    104,
    99,
    57,
    62,
    62,
    52,
    90,
    111,
    89,
    77,
    62,
    469,
    51,
    84,
    246,
    117,
    169,
    180,
    66,
    49,
    415,
    275,
    203,
    160,
    62,
    85,
    74,
    63,
    374,
    386,
    243,
    291,
    69,
    132,
    223,
    216,
    157,
    77,
    86,
    423,
    216,
    76,
    62,
    243,
    293,
    62,
    84,
    66,
    53,
    360,
    162,
    70,
    46,
    584,
    140,
    718,
    417,
    420,
    35,
    174,
    61,
    91,
    100,
    223,
    60,
    128,
    144,
    192,
    65,
    224,
    201,
    52,
    382,
    94,
    88,
    71,
    283,
    204,
    53,
    226,
    83,
    617,
    303,
    81,
    317,
    213,
    111,
    570,
    93,
    83,
    303,
    210,
    60,
    452,
    111,
    67,
    168,
    346,
    97,
    386,
    507,
    234,
    75,
    317,
    416,
    251,
    42,
    943,
    452,
    196,
    76,
    321,
    61,
    72,
    257,
    100,
    542,
    183,
    178,
    244,
    39,
    82,
    102,
    81,
    124,
    71,
    135,
    89,
    157,
    98,
    120,
    180,
    1046,
    122,
    83,
    302,
    240,
    65
  ],
  "target_deletion_step_counts": [
    3,
    1,
    1,
    1,
    1,
    1,
    2,
    1,
    1,
    2,
    1,
    1,
    3,
    1,
    1,
    1,
    1,
    5,
    1,
    1,
    1,
    1,
    1,
    3,
    1,
    1,
    3,
    3,
    2,
    1,
    2,
    1,
    1,
    1,
    1,
    1,
    1,
    1,
    1,
    1,
    1,
    1,
    1,
    2,
    1,
    1,
    1,
    1,
    1,
    1,
    1,
    1,
    1,
    1,
    1,
    1,
    1,
    1,
    1,
    1,
    1,
    1,
    1,
    1,
    1,
    1,
    1,
    1,
    1,
    1,
    1,
    1,
    2,
    1,
    1,
    1,
    1,
    1,
    1,
    3,
    1,
    1,
    1,
    1,
    1,
    1,
    1,
    1,
    1,
    1,
    2,
    3,
    2,
    1,
    1,
    1,
    1,
    1,
    1,
    1,
    1,
    2,
    1,
    1,
    1,
    1,
    1,
    1,
    1,
    1,
    1,
    1,
    1,
    1,
    1,
    1,
    1,
    2,
    1,
    1,
    1,
    2,
    1,
    1,
    1,
    1,
    1,
    1,
    1,
    1,
    1,
    1,
    1,
    1,
    1,
    1,
    1,
    1,
    1,
    1,
    1,
    1,
    1,
    1,
    2,
    1,
    1,
    1,
    1,
    1,
    1,
    1,
    3,
    1,
    1,
    3,
    1,
    1,
    1,
    1,
    1,
    1,
    1,
    1,
    2,
    1,
    2,
    1,
    2,
    1,
    1,
    1,
    1,
    1
  ],
  "deleted_char_distribution": {
    "min": 33,
    "q25": 79.5,
    "median": 142.0,
    "q75": 290.0,
    "max": 1166,
    "mean": 216.01149425287358
  },
  "e2_summary_path": "/root/autodl-tmp/ragwm_storage/output/sanitization_e2e_nf_strict_v1/conditions/e2_gainratio_aligned_sensitivity/sanitization/gainratio_sanitization_summary.json",
  "e2_summary_sha256": "66e7020f6f21458615334026ca16fa11c6e456deb6a847e8d738eef57a203e29",
  "e2_deletion_log_path": "/root/autodl-tmp/ragwm_storage/output/sanitization_e2e_nf_strict_v1/conditions/e2_gainratio_aligned_sensitivity/sanitization/gainratio_deletion_log.jsonl",
  "e2_deletion_log_sha256": "9fda579dc5f07b202d6607ebe1f2c141fa0c3b34c1324bdab8dc39e80a704447"
}
E3 BUDGET FREEZE PASS
ALIGNED BUDGET LOCKED: {'input_document_count': 3633, 'target_modified_document_count': 174, 'target_total_deleted_chars': 37586}
{
  "seed": 101,
  "input_document_count": 3633,
  "eligible_document_count": 3630,
  "modified_document_count": 174,
  "target_modified_document_count": 174,
  "modified_document_count_match": true,
  "target_total_deleted_chars": 37586,
  "actual_total_deleted_chars": 37753,
  "absolute_total_budget_error": 167,
  "relative_total_budget_error": 0.00444314372372692,
  "budget_match_pass": true,
  "selection_uses_ground_truth": false,
  "selection_policy": "Uniformly randomized eligible-document pool with sentence-boundary suffix cuts chosen to approximately match E2 per-document deletion lengths.",
  "corpus": "/root/autodl-tmp/ragwm_storage/output/sanitization_e2e_nf_strict_v1/conditions/e3_random_aligned_v2/seed_101/sanitization/random_sanitized_corpus.jsonl",
  "corpus_sha256": "b1f4a4c70f53318fd98252d6ffeb05186f6c7cc008d89bd7b2ccc2f6d085bba7",
  "deletion_log": "/root/autodl-tmp/ragwm_storage/output/sanitization_e2e_nf_strict_v1/conditions/e3_random_aligned_v2/seed_101/sanitization/random_deletion_log.jsonl",
  "deletion_log_sha256": "a8a4ac3d8bfdb0f08675344625fc31fe0db81c51c272c269f53c06d4fbd9a0ea"
}
RANDOM SANITIZATION PASS
{
  "note": "Ground truth is used only after random selection for audit.",
  "document_count": 3633,
  "known_watermark_text_count": 222,
  "watermarked_document_count_by_exact_scan": 143,
  "modified_document_count": 174,
  "randomly_hit_watermarked_documents": 13,
  "randomly_modified_clean_documents": 161,
  "unmodified_watermarked_documents": 130,
  "unmodified_clean_documents": 3329,
  "document_precision_against_watermark": 0.07471264367816093,
  "watermarked_document_hit_rate": 0.09090909090909091,
  "clean_document_modification_rate": 0.046131805157593124,
  "exact_watermark_occurrences_before": 223,
  "exact_watermark_occurrences_after": 209,
  "exact_watermark_occurrence_removal_rate": 0.06278026905829596,
  "documents_with_any_exact_watermark_after": 136
}
RANDOM POSTHOC AUDIT PASS
{
  "seed": 202,
  "input_document_count": 3633,
  "eligible_document_count": 3630,
  "modified_document_count": 174,
  "target_modified_document_count": 174,
  "modified_document_count_match": true,
  "target_total_deleted_chars": 37586,
  "actual_total_deleted_chars": 37748,
  "absolute_total_budget_error": 162,
  "relative_total_budget_error": 0.004310115468525515,
  "budget_match_pass": true,
  "selection_uses_ground_truth": false,
  "selection_policy": "Uniformly randomized eligible-document pool with sentence-boundary suffix cuts chosen to approximately match E2 per-document deletion lengths.",
  "corpus": "/root/autodl-tmp/ragwm_storage/output/sanitization_e2e_nf_strict_v1/conditions/e3_random_aligned_v2/seed_202/sanitization/random_sanitized_corpus.jsonl",
  "corpus_sha256": "9c80539cdc610c4214a0b76cea7c525fc0f68aed6d6f537b277faece3fa510b4",
  "deletion_log": "/root/autodl-tmp/ragwm_storage/output/sanitization_e2e_nf_strict_v1/conditions/e3_random_aligned_v2/seed_202/sanitization/random_deletion_log.jsonl",
  "deletion_log_sha256": "bbc23ecbd1bda2496bba83e7540d1055136ad3b37dee97d80008537c89bd43a9"
}
RANDOM SANITIZATION PASS
{
  "note": "Ground truth is used only after random selection for audit.",
  "document_count": 3633,
  "known_watermark_text_count": 222,
  "watermarked_document_count_by_exact_scan": 143,
  "modified_document_count": 174,
  "randomly_hit_watermarked_documents": 16,
  "randomly_modified_clean_documents": 158,
  "unmodified_watermarked_documents": 127,
  "unmodified_clean_documents": 3332,
  "document_precision_against_watermark": 0.09195402298850575,
  "watermarked_document_hit_rate": 0.11188811188811189,
  "clean_document_modification_rate": 0.04527220630372493,
  "exact_watermark_occurrences_before": 223,
  "exact_watermark_occurrences_after": 204,
  "exact_watermark_occurrence_removal_rate": 0.08520179372197309,
  "documents_with_any_exact_watermark_after": 130
}
RANDOM POSTHOC AUDIT PASS
{
  "seed": 303,
  "input_document_count": 3633,
  "eligible_document_count": 3630,
  "modified_document_count": 174,
  "target_modified_document_count": 174,
  "modified_document_count_match": true,
  "target_total_deleted_chars": 37586,
  "actual_total_deleted_chars": 37754,
  "absolute_total_budget_error": 168,
  "relative_total_budget_error": 0.0044697493747672,
  "budget_match_pass": true,
  "selection_uses_ground_truth": false,
  "selection_policy": "Uniformly randomized eligible-document pool with sentence-boundary suffix cuts chosen to approximately match E2 per-document deletion lengths.",
  "corpus": "/root/autodl-tmp/ragwm_storage/output/sanitization_e2e_nf_strict_v1/conditions/e3_random_aligned_v2/seed_303/sanitization/random_sanitized_corpus.jsonl",
  "corpus_sha256": "e192cb2582275a18c9a4fd2956b89e660dd6bdfa39ebf3413a1f12c057732c91",
  "deletion_log": "/root/autodl-tmp/ragwm_storage/output/sanitization_e2e_nf_strict_v1/conditions/e3_random_aligned_v2/seed_303/sanitization/random_deletion_log.jsonl",
  "deletion_log_sha256": "3fcdb3240df8fc09b3738d8915a94832f139e41569a14f5580b33b66ec304049"
}
RANDOM SANITIZATION PASS
{
  "note": "Ground truth is used only after random selection for audit.",
  "document_count": 3633,
  "known_watermark_text_count": 222,
  "watermarked_document_count_by_exact_scan": 143,
  "modified_document_count": 174,
  "randomly_hit_watermarked_documents": 17,
  "randomly_modified_clean_documents": 157,
  "unmodified_watermarked_documents": 126,
  "unmodified_clean_documents": 3333,
  "document_precision_against_watermark": 0.09770114942528736,
  "watermarked_document_hit_rate": 0.11888111888111888,
  "clean_document_modification_rate": 0.04498567335243553,
  "exact_watermark_occurrences_before": 223,
  "exact_watermark_occurrences_after": 201,
  "exact_watermark_occurrence_removal_rate": 0.09865470852017937,
  "documents_with_any_exact_watermark_after": 134
}
RANDOM POSTHOC AUDIT PASS
{
  "seed": 404,
  "input_document_count": 3633,
  "eligible_document_count": 3630,
  "modified_document_count": 174,
  "target_modified_document_count": 174,
  "modified_document_count_match": true,
  "target_total_deleted_chars": 37586,
  "actual_total_deleted_chars": 37754,
  "absolute_total_budget_error": 168,
  "relative_total_budget_error": 0.0044697493747672,
  "budget_match_pass": true,
  "selection_uses_ground_truth": false,
  "selection_policy": "Uniformly randomized eligible-document pool with sentence-boundary suffix cuts chosen to approximately match E2 per-document deletion lengths.",
  "corpus": "/root/autodl-tmp/ragwm_storage/output/sanitization_e2e_nf_strict_v1/conditions/e3_random_aligned_v2/seed_404/sanitization/random_sanitized_corpus.jsonl",
  "corpus_sha256": "904a734bf9a8e8cc6001b74d1c0a65a49898ab3c6d8fa78d626de5343b9f2c23",
  "deletion_log": "/root/autodl-tmp/ragwm_storage/output/sanitization_e2e_nf_strict_v1/conditions/e3_random_aligned_v2/seed_404/sanitization/random_deletion_log.jsonl",
  "deletion_log_sha256": "351fbb04cd1fef3d112f4fcae27d74e838a9f6ef435de233705ed55fd5b71152"
}
RANDOM SANITIZATION PASS
{
  "note": "Ground truth is used only after random selection for audit.",
  "document_count": 3633,
  "known_watermark_text_count": 222,
  "watermarked_document_count_by_exact_scan": 143,
  "modified_document_count": 174,
  "randomly_hit_watermarked_documents": 21,
  "randomly_modified_clean_documents": 153,
  "unmodified_watermarked_documents": 122,
  "unmodified_clean_documents": 3337,
  "document_precision_against_watermark": 0.1206896551724138,
  "watermarked_document_hit_rate": 0.14685314685314685,
  "clean_document_modification_rate": 0.043839541547277934,
  "exact_watermark_occurrences_before": 223,
  "exact_watermark_occurrences_after": 197,
  "exact_watermark_occurrence_removal_rate": 0.11659192825112108,
  "documents_with_any_exact_watermark_after": 126
}
RANDOM POSTHOC AUDIT PASS
{
  "seed": 505,
  "input_document_count": 3633,
  "eligible_document_count": 3630,
  "modified_document_count": 174,
  "target_modified_document_count": 174,
  "modified_document_count_match": true,
  "target_total_deleted_chars": 37586,
  "actual_total_deleted_chars": 37751,
  "absolute_total_budget_error": 165,
  "relative_total_budget_error": 0.004389932421646358,
  "budget_match_pass": true,
  "selection_uses_ground_truth": false,
  "selection_policy": "Uniformly randomized eligible-document pool with sentence-boundary suffix cuts chosen to approximately match E2 per-document deletion lengths.",
  "corpus": "/root/autodl-tmp/ragwm_storage/output/sanitization_e2e_nf_strict_v1/conditions/e3_random_aligned_v2/seed_505/sanitization/random_sanitized_corpus.jsonl",
  "corpus_sha256": "6e178a4a72e5ed932871d1cfeded645d4985a22169cdd683e5770b53865741c0",
  "deletion_log": "/root/autodl-tmp/ragwm_storage/output/sanitization_e2e_nf_strict_v1/conditions/e3_random_aligned_v2/seed_505/sanitization/random_deletion_log.jsonl",
  "deletion_log_sha256": "fbf1b649609fec2414ea47ec43a2df8ecc7e7f5ebffb6c48ba6fddcdc2538542"
}
RANDOM SANITIZATION PASS
{
  "note": "Ground truth is used only after random selection for audit.",
  "document_count": 3633,
  "known_watermark_text_count": 222,
  "watermarked_document_count_by_exact_scan": 143,
  "modified_document_count": 174,
  "randomly_hit_watermarked_documents": 12,
  "randomly_modified_clean_documents": 162,
  "unmodified_watermarked_documents": 131,
  "unmodified_clean_documents": 3328,
  "document_precision_against_watermark": 0.06896551724137931,
  "watermarked_document_hit_rate": 0.08391608391608392,
  "clean_document_modification_rate": 0.046418338108882524,
  "exact_watermark_occurrences_before": 223,
  "exact_watermark_occurrences_after": 209,
  "exact_watermark_occurrence_removal_rate": 0.06278026905829596,
  "documents_with_any_exact_watermark_after": 136
}
RANDOM POSTHOC AUDIT PASS
{
  "experiment": "NF-ALIGNED-E3-V2 preflight",
  "api_calls_performed": false,
  "vectorstores_built": false,
  "runs": [
    {
      "seed": 101,
      "modified_documents": 174,
      "target_deleted_chars": 37586,
      "actual_deleted_chars": 37753,
      "relative_budget_error": 0.00444314372372692,
      "budget_match_pass": true,
      "randomly_hit_watermarked_documents": 13,
      "exact_watermark_occurrence_removal_rate": 0.06278026905829596,
      "corpus_sha256": "b1f4a4c70f53318fd98252d6ffeb05186f6c7cc008d89bd7b2ccc2f6d085bba7"
    },
    {
      "seed": 202,
      "modified_documents": 174,
      "target_deleted_chars": 37586,
      "actual_deleted_chars": 37748,
      "relative_budget_error": 0.004310115468525515,
      "budget_match_pass": true,
      "randomly_hit_watermarked_documents": 16,
      "exact_watermark_occurrence_removal_rate": 0.08520179372197309,
      "corpus_sha256": "9c80539cdc610c4214a0b76cea7c525fc0f68aed6d6f537b277faece3fa510b4"
    },
    {
      "seed": 303,
      "modified_documents": 174,
      "target_deleted_chars": 37586,
      "actual_deleted_chars": 37754,
      "relative_budget_error": 0.0044697493747672,
      "budget_match_pass": true,
      "randomly_hit_watermarked_documents": 17,
      "exact_watermark_occurrence_removal_rate": 0.09865470852017937,
      "corpus_sha256": "e192cb2582275a18c9a4fd2956b89e660dd6bdfa39ebf3413a1f12c057732c91"
    },
    {
      "seed": 404,
      "modified_documents": 174,
      "target_deleted_chars": 37586,
      "actual_deleted_chars": 37754,
      "relative_budget_error": 0.0044697493747672,
      "budget_match_pass": true,
      "randomly_hit_watermarked_documents": 21,
      "exact_watermark_occurrence_removal_rate": 0.11659192825112108,
      "corpus_sha256": "904a734bf9a8e8cc6001b74d1c0a65a49898ab3c6d8fa78d626de5343b9f2c23"
    },
    {
      "seed": 505,
      "modified_documents": 174,
      "target_deleted_chars": 37586,
      "actual_deleted_chars": 37751,
      "relative_budget_error": 0.004389932421646358,
      "budget_match_pass": true,
      "randomly_hit_watermarked_documents": 12,
      "exact_watermark_occurrence_removal_rate": 0.06278026905829596,
      "corpus_sha256": "6e178a4a72e5ed932871d1cfeded645d4985a22169cdd683e5770b53865741c0"
    }
  ]
}
ALIGNED E3 PREFLIGHT PASS
/root/autodl-tmp/ragwm_storage/output/sanitization_e2e_nf_strict_v1/conditions/e3_random_aligned_v2/aligned_e3_preflight_summary.json
