{
  "experiment_role": "aligned_end_to_end_sensitivity",
  "total": 30,
  "e0_watermarked_WSN": 25,
  "e1_oracle_WSN": 4,
  "aligned_gainratio_WSN": 17,
  "aligned_absolute_WSN_drop": 8,
  "aligned_relative_WSN_reduction": 0.32,
  "aligned_paired_baseline_positive_count": 25,
  "aligned_paired_broken_count": 8,
  "aligned_paired_retained_count": 17,
  "aligned_false_gain_count": 0,
  "aligned_paired_attack_success_rate": 0.32,
  "oracle_gap_closure": 0.38095238095238093,
  "mcnemar_yes_to_no": 8,
  "mcnemar_no_to_yes": 0,
  "mcnemar_exact_two_sided_p": 0.0078125,
  "aligned_unknown_count": 0,
  "run_valid": true,
  "warning": "Sensitivity result only; do not overwrite the sealed strict-v1 E2 main result."
}
E0/E1/ALIGNED COMPARISON PASS
