{
  "seed": 303,
  "input_document_count": 3633,
  "eligible_document_count": 3630,
  "modified_document_count": 174,
  "target_modified_document_count": 174,
  "modified_document_count_match": true,
  "target_total_deleted_chars": 37586,
  "actual_total_deleted_chars": 37754,
  "absolute_total_budget_error": 168,
  "relative_total_budget_error": 0.0044697493747672,
  "budget_match_pass": true,
  "selection_uses_ground_truth": false,
  "selection_policy": "Uniformly randomized eligible-document pool with sentence-boundary suffix cuts chosen to approximately match E2 per-document deletion lengths.",
  "corpus": "/root/autodl-tmp/ragwm_storage/output/sanitization_e2e_nf_strict_v1/conditions/e3_random_aligned_v2/seed_303/sanitization/random_sanitized_corpus.jsonl",
  "corpus_sha256": "e192cb2582275a18c9a4fd2956b89e660dd6bdfa39ebf3413a1f12c057732c91",
  "deletion_log": "/root/autodl-tmp/ragwm_storage/output/sanitization_e2e_nf_strict_v1/conditions/e3_random_aligned_v2/seed_303/sanitization/random_deletion_log.jsonl",
  "deletion_log_sha256": "3fcdb3240df8fc09b3738d8915a94832f139e41569a14f5580b33b66ec304049"
}
RANDOM SANITIZATION PASS
