{
  "seed": 101,
  "input_document_count": 3633,
  "eligible_document_count": 3630,
  "modified_document_count": 174,
  "target_modified_document_count": 174,
  "modified_document_count_match": true,
  "target_total_deleted_chars": 37586,
  "actual_total_deleted_chars": 37753,
  "absolute_total_budget_error": 167,
  "relative_total_budget_error": 0.00444314372372692,
  "budget_match_pass": true,
  "selection_uses_ground_truth": false,
  "selection_policy": "Uniformly randomized eligible-document pool with sentence-boundary suffix cuts chosen to approximately match E2 per-document deletion lengths.",
  "corpus": "/root/autodl-tmp/ragwm_storage/output/sanitization_e2e_nf_strict_v1/conditions/e3_random_aligned_v2/seed_101/sanitization/random_sanitized_corpus.jsonl",
  "corpus_sha256": "b1f4a4c70f53318fd98252d6ffeb05186f6c7cc008d89bd7b2ccc2f6d085bba7",
  "deletion_log": "/root/autodl-tmp/ragwm_storage/output/sanitization_e2e_nf_strict_v1/conditions/e3_random_aligned_v2/seed_101/sanitization/random_deletion_log.jsonl",
  "deletion_log_sha256": "a8a4ac3d8bfdb0f08675344625fc31fe0db81c51c272c269f53c06d4fbd9a0ea"
}
RANDOM SANITIZATION PASS
