Input documents: 3633
Documents selected this run: 3633
Threshold: -0.1776604795758094
Model: /root/autodl-tmp/ragwm_storage/local_models/Gemma-2-2B-base-ms
Scoring version: aligned_minimal_v1
Selection input fields: ['internal_id', 'source_doc_id', 'text', 'title']
Loading checkpoint shards:   0%|                                                                 | 0/3 [00:00<?, ?it/s]Loading checkpoint shards:  33%|███████████████████                                      | 1/3 [00:01<00:02,  1.49s/it]Loading checkpoint shards:  67%|██████████████████████████████████████                   | 2/3 [00:02<00:01,  1.49s/it]Loading checkpoint shards: 100%|█████████████████████████████████████████████████████████| 3/3 [00:03<00:00,  1.07it/s]Loading checkpoint shards: 100%|█████████████████████████████████████████████████████████| 3/3 [00:03<00:00,  1.08s/it]
processed 25/3633; modified=False; steps=0
processed 50/3633; modified=False; steps=0
processed 75/3633; modified=False; steps=0
processed 100/3633; modified=False; steps=0
processed 125/3633; modified=False; steps=0
processed 150/3633; modified=False; steps=0
processed 175/3633; modified=False; steps=0
processed 200/3633; modified=False; steps=0
processed 225/3633; modified=False; steps=0
processed 250/3633; modified=False; steps=0
processed 275/3633; modified=False; steps=0
processed 300/3633; modified=False; steps=0
processed 325/3633; modified=False; steps=0
processed 350/3633; modified=False; steps=0
processed 375/3633; modified=False; steps=0
processed 400/3633; modified=False; steps=0
processed 425/3633; modified=False; steps=0
processed 450/3633; modified=False; steps=0
processed 475/3633; modified=False; steps=0
processed 500/3633; modified=False; steps=0
processed 525/3633; modified=True; steps=1
processed 550/3633; modified=False; steps=0
processed 575/3633; modified=False; steps=0
processed 600/3633; modified=False; steps=0
processed 625/3633; modified=False; steps=0
processed 650/3633; modified=False; steps=0
processed 675/3633; modified=False; steps=0
processed 700/3633; modified=False; steps=0
processed 725/3633; modified=False; steps=0
processed 750/3633; modified=False; steps=0
processed 775/3633; modified=False; steps=0
processed 800/3633; modified=False; steps=0
processed 825/3633; modified=False; steps=0
processed 850/3633; modified=False; steps=0
processed 875/3633; modified=False; steps=0
processed 900/3633; modified=False; steps=0
processed 925/3633; modified=False; steps=0
processed 950/3633; modified=False; steps=0
processed 975/3633; modified=False; steps=0
processed 1000/3633; modified=False; steps=0
processed 1025/3633; modified=False; steps=0
processed 1050/3633; modified=False; steps=0
processed 1075/3633; modified=False; steps=0
processed 1100/3633; modified=False; steps=0
processed 1125/3633; modified=False; steps=0
processed 1150/3633; modified=False; steps=0
processed 1175/3633; modified=False; steps=0
processed 1200/3633; modified=False; steps=0
processed 1225/3633; modified=False; steps=0
processed 1250/3633; modified=False; steps=0
processed 1275/3633; modified=False; steps=0
processed 1300/3633; modified=False; steps=0
processed 1325/3633; modified=False; steps=0
processed 1350/3633; modified=False; steps=0
processed 1375/3633; modified=False; steps=0
processed 1400/3633; modified=False; steps=0
processed 1425/3633; modified=False; steps=0
processed 1450/3633; modified=False; steps=0
processed 1475/3633; modified=False; steps=0
processed 1500/3633; modified=False; steps=0
processed 1525/3633; modified=False; steps=0
processed 1550/3633; modified=False; steps=0
processed 1575/3633; modified=False; steps=0
processed 1600/3633; modified=False; steps=0
processed 1625/3633; modified=False; steps=0
processed 1650/3633; modified=False; steps=0
processed 1675/3633; modified=False; steps=0
processed 1700/3633; modified=False; steps=0
processed 1725/3633; modified=False; steps=0
processed 1750/3633; modified=False; steps=0
processed 1775/3633; modified=False; steps=0
processed 1800/3633; modified=False; steps=0
processed 1825/3633; modified=False; steps=0
processed 1850/3633; modified=False; steps=0
processed 1875/3633; modified=False; steps=0
processed 1900/3633; modified=False; steps=0
processed 1925/3633; modified=False; steps=0
processed 1950/3633; modified=False; steps=0
processed 1975/3633; modified=False; steps=0
processed 2000/3633; modified=False; steps=0
processed 2025/3633; modified=False; steps=0
processed 2050/3633; modified=False; steps=0
processed 2075/3633; modified=False; steps=0
processed 2100/3633; modified=False; steps=0
processed 2125/3633; modified=False; steps=0
processed 2150/3633; modified=False; steps=0
processed 2175/3633; modified=False; steps=0
processed 2200/3633; modified=False; steps=0
processed 2225/3633; modified=False; steps=0
processed 2250/3633; modified=False; steps=0
processed 2275/3633; modified=False; steps=0
processed 2300/3633; modified=False; steps=0
processed 2325/3633; modified=False; steps=0
processed 2350/3633; modified=False; steps=0
processed 2375/3633; modified=False; steps=0
processed 2400/3633; modified=False; steps=0
processed 2425/3633; modified=False; steps=0
processed 2450/3633; modified=False; steps=0
processed 2475/3633; modified=False; steps=0
processed 2500/3633; modified=False; steps=0
processed 2525/3633; modified=False; steps=0
processed 2550/3633; modified=False; steps=0
processed 2575/3633; modified=False; steps=0
processed 2600/3633; modified=False; steps=0
processed 2625/3633; modified=False; steps=0
processed 2650/3633; modified=False; steps=0
processed 2675/3633; modified=False; steps=0
processed 2700/3633; modified=False; steps=0
processed 2725/3633; modified=False; steps=0
processed 2750/3633; modified=False; steps=0
processed 2775/3633; modified=False; steps=0
processed 2800/3633; modified=False; steps=0
processed 2825/3633; modified=False; steps=0
processed 2850/3633; modified=False; steps=0
processed 2875/3633; modified=False; steps=0
processed 2900/3633; modified=False; steps=0
processed 2925/3633; modified=False; steps=0
processed 2950/3633; modified=False; steps=0
processed 2975/3633; modified=False; steps=0
processed 3000/3633; modified=False; steps=0
processed 3025/3633; modified=False; steps=0
processed 3050/3633; modified=False; steps=0
processed 3075/3633; modified=False; steps=0
processed 3100/3633; modified=False; steps=0
processed 3125/3633; modified=False; steps=0
processed 3150/3633; modified=False; steps=0
processed 3175/3633; modified=False; steps=0
processed 3200/3633; modified=False; steps=0
processed 3225/3633; modified=False; steps=0
processed 3250/3633; modified=False; steps=0
processed 3275/3633; modified=False; steps=0
processed 3300/3633; modified=False; steps=0
processed 3325/3633; modified=False; steps=0
processed 3350/3633; modified=False; steps=0
processed 3375/3633; modified=False; steps=0
processed 3400/3633; modified=False; steps=0
processed 3425/3633; modified=False; steps=0
processed 3450/3633; modified=False; steps=0
processed 3475/3633; modified=False; steps=0
processed 3500/3633; modified=False; steps=0
processed 3525/3633; modified=False; steps=0
processed 3550/3633; modified=False; steps=0
processed 3575/3633; modified=False; steps=0
processed 3600/3633; modified=False; steps=0
processed 3625/3633; modified=False; steps=0
processed 3633/3633; modified=False; steps=0
{
  "experiment_role": "aligned_end_to_end_sensitivity",
  "scoring_version": "aligned_minimal_v1",
  "alignment_policy": "exclude_first_target_token_in_both_conditions",
  "input_document_count": 3633,
  "completed_document_count": 3633,
  "complete": true,
  "modified_document_count": 18,
  "modified_document_rate": 0.00495458298926507,
  "candidate_evaluation_count": 3644,
  "deletion_step_count": 19,
  "total_original_chars": 5795710,
  "total_deleted_chars": 2529,
  "deleted_char_rate": 0.00043635723664572587,
  "stop_reason_counts": {
    "score_below_threshold": 3625,
    "empty_context": 8
  },
  "sanitized_corpus": "/root/autodl-tmp/ragwm_storage/output/cross_detector_lm_robustness_v1/gemma2_2b_base/conditions/gemma2_2b_base_fpr05/sanitization/gainratio_sanitized_corpus.jsonl",
  "sanitized_corpus_sha256": "21cb1629953b8bd99108126427fd084d5cc8e1a41a624c1138a1d94a26bb5855",
  "candidate_scores": "/root/autodl-tmp/ragwm_storage/output/cross_detector_lm_robustness_v1/gemma2_2b_base/conditions/gemma2_2b_base_fpr05/sanitization/gainratio_candidate_scores.jsonl",
  "deletion_log": "/root/autodl-tmp/ragwm_storage/output/cross_detector_lm_robustness_v1/gemma2_2b_base/conditions/gemma2_2b_base_fpr05/sanitization/gainratio_deletion_log.jsonl",
  "warning": "Sensitivity output only. Do not overwrite or rename as the sealed strict-v1 E2 main result."
}
ALIGNED GAINRATIO SANITIZATION PASS
