{
  "seed": 404,
  "input_document_count": 3633,
  "eligible_document_count": 3630,
  "modified_document_count": 529,
  "target_modified_document_count": 529,
  "modified_document_count_match": true,
  "target_total_deleted_chars": 39338,
  "actual_total_deleted_chars": 39710,
  "absolute_total_budget_error": 372,
  "relative_total_budget_error": 0.009456505160404697,
  "budget_match_pass": true,
  "selection_uses_ground_truth": false,
  "selection_policy": "Uniformly randomized eligible-document pool with sentence-boundary suffix cuts chosen to approximately match E2 per-document deletion lengths.",
  "corpus": "/root/autodl-tmp/ragwm_storage/output/sanitization_e2e_nf_strict_v1/conditions/e3_random_baselines/seed_404/sanitization/random_sanitized_corpus.jsonl",
  "corpus_sha256": "278d03fabd8716410d55b56ff3f3b7e1fb99b7505f066f20d9c4e8a742ecc86a",
  "deletion_log": "/root/autodl-tmp/ragwm_storage/output/sanitization_e2e_nf_strict_v1/conditions/e3_random_baselines/seed_404/sanitization/random_deletion_log.jsonl",
  "deletion_log_sha256": "61110a44fc7822da9769ac87c353e99299077225dd824eecef74a9facde12a8a"
}
RANDOM SANITIZATION PASS
