{
  "baseline_type": "random_document_sentence_boundary_suffix_deletion",
  "matching_policy": "Match E2 modified-document count exactly and match the per-document deleted-character distribution approximately at valid sentence boundaries. No watermark ground truth is used for selection.",
  "input_document_count": 3633,
  "target_modified_document_count": 529,
  "target_total_deleted_chars": 39338,
  "target_deleted_char_rate": 0.006787434153882786,
  "target_deleted_char_lengths": [
    120,
    50,
    52,
    70,
    52,
    52,
    83,
    52,
    52,
    41,
    197,
    60,
    52,
    52,
    52,
    52,
    52,
    52,
    52,
    121,
    106,
    52,
    52,
    52,
    41,
    52,
    111,
    67,
    62,
    33,
    173,
    377,
    52,
    111,
    76,
    85,
    52,
    65,
    60,
    200,
    315,
    111,
    79,
    210,
    60,
    91,
    52,
    100,
    52,
    44,
    42,
    77,
    89,
    41,
    132,
    72,
    146,
    89,
    52,
    52,
    52,
    52,
    167,
    38,
    33,
    39,
    37,
    369,
    139,
    52,
    52,
    86,
    52,
    52,
    52,
    52,
    108,
    98,
    104,
    52,
    99,
    31,
    57,
    52,
    62,
    52,
    148,
    52,
    26,
    52,
    61,
    52,
    178,
    213,
    52,
    210,
    52,
    104,
    52,
    52,
    45,
    27,
    62,
    78,
    62,
    52,
    190,
    122,
    52,
    90,
    114,
    52,
    51,
    52,
    51,
    73,
    52,
    52,
    111,
    89,
    52,
    52,
    39,
    52,
    52,
    52,
    77,
    62,
    73,
    30,
    220,
    60,
    53,
    51,
    52,
    84,
    52,
    52,
    50,
    60,
    52,
    54,
    30,
    52,
    51,
    46,
    51,
    52,
    117,
    60,
    27,
    52,
    169,
    162,
    40,
    52,
    52,
    52,
    60,
    66,
    32,
    52,
    81,
    52,
    52,
    52,
    52,
    52,
    134,
    33,
    135,
    52,
    453,
    60,
    27,
    53,
    52,
    26,
    94,
    60,
    52,
    52,
    302,
    52,
    60,
    53,
    52,
    32,
    60,
    144,
    33,
    62,
    85,
    41,
    148,
    27,
    227,
    52,
    52,
    52,
    52,
    52,
    63,
    59,
    100,
    96,
    52,
    52,
    92,
    69,
    132,
    223,
    84,
    52,
    27,
    60,
    47,
    157,
    52,
    52,
    52,
    77,
    52,
    52,
    32,
    55,
    51,
    41,
    81,
    52,
    81,
    81,
    81,
    81,
    41,
    51,
    41,
    63,
    52,
    71,
    52,
    53,
    66,
    52,
    52,
    76,
    52,
    52,
    52,
    52,
    62,
    243,
    33,
    60,
    52,
    60,
    52,
    62,
    84,
    66,
    53,
    52,
    322,
    32,
    52,
    52,
    27,
    52,
    40,
    52,
    50,
    53,
    70,
    52,
    52,
    52,
    52,
    52,
    46,
    52,
    52,
    52,
    50,
    60,
    52,
    41,
    140,
    34,
    60,
    52,
    53,
    54,
    27,
    93,
    53,
    52,
    52,
    94,
    61,
    41,
    52,
    39,
    164,
    62,
    79,
    35,
    174,
    43,
    52,
    32,
    52,
    52,
    99,
    91,
    52,
    39,
    34,
    51,
    100,
    52,
    70,
    113,
    180,
    52,
    296,
    192,
    112,
    52,
    52,
    62,
    201,
    52,
    52,
    120,
    94,
    52,
    88,
    71,
    283,
    52,
    57,
    52,
    57,
    52,
    51,
    52,
    73,
    50,
    31,
    53,
    64,
    52,
    52,
    32,
    60,
    83,
    40,
    52,
    151,
    50,
    50,
    53,
    52,
    52,
    50,
    50,
    52,
    52,
    52,
    52,
    53,
    54,
    52,
    81,
    53,
    47,
    62,
    213,
    52,
    60,
    111,
    52,
    52,
    52,
    52,
    52,
    93,
    72,
    31,
    29,
    60,
    83,
    50,
    116,
    61,
    27,
    58,
    60,
    52,
    52,
    50,
    53,
    52,
    50,
    111,
    52,
    111,
    52,
    67,
    50,
    34,
    52,
    34,
    37,
    52,
    52,
    50,
    52,
    52,
    39,
    39,
    54,
    31,
    52,
    63,
    52,
    50,
    97,
    52,
    54,
    52,
    52,
    75,
    50,
    89,
    50,
    55,
    39,
    52,
    42,
    82,
    943,
    50,
    51,
    126,
    54,
    33,
    51,
    50,
    60,
    73,
    82,
    50,
    72,
    45,
    66,
    76,
    123,
    61,
    166,
    86,
    72,
    142,
    100,
    26,
    244,
    39,
    82,
    33,
    143,
    102,
    81,
    32,
    61,
    85,
    52,
    124,
    71,
    52,
    89,
    59,
    52,
    60,
    32,
    259,
    98,
    120,
    41,
    52,
    27,
    276,
    50,
    52,
    40,
    122,
    115,
    32,
    83,
    76,
    52,
    51,
    54,
    72,
    240,
    52,
    52,
    52,
    52,
    52,
    60,
    52,
    52,
    54,
    43,
    52,
    58,
    50,
    52,
    52,
    52,
    152,
    53,
    41,
    50,
    52,
    124,
    65,
    27,
    52
  ],
  "target_deletion_step_counts": [
    1,
    1,
    1,
    1,
    1,
    1,
    1,
    1,
    1,
    1,
    3,
    1,
    1,
    1,
    1,
    1,
    1,
    1,
    1,
    1,
    2,
    1,
    1,
    1,
    1,
    1,
    1,
    1,
    1,
    1,
    2,
    3,
    1,
    2,
    1,
    1,
    1,
    1,
    1,
    2,
    2,
    1,
    1,
    1,
    1,
    1,
    1,
    1,
    1,
    1,
    1,
    1,
    1,
    1,
    2,
    1,
    1,
    1,
    1,
    1,
    1,
    1,
    2,
    1,
    1,
    1,
    1,
    2,
    2,
    1,
    1,
    1,
    1,
    1,
    1,
    1,
    1,
    1,
    1,
    1,
    1,
    1,
    1,
    1,
    1,
    1,
    1,
    1,
    1,
    1,
    1,
    1,
    2,
    2,
    1,
    2,
    1,
    1,
    1,
    1,
    1,
    1,
    1,
    1,
    1,
    1,
    2,
    1,
    1,
    1,
    2,
    1,
    1,
    1,
    1,
    1,
    1,
    1,
    2,
    1,
    1,
    1,
    1,
    1,
    1,
    1,
    1,
    1,
    1,
    1,
    2,
    1,
    1,
    1,
    1,
    1,
    1,
    1,
    1,
    1,
    1,
    1,
    1,
    1,
    1,
    1,
    1,
    1,
    1,
    1,
    1,
    1,
    1,
    2,
    1,
    1,
    1,
    1,
    1,
    1,
    1,
    1,
    1,
    1,
    1,
    1,
    1,
    1,
    1,
    1,
    2,
    1,
    5,
    1,
    1,
    1,
    1,
    1,
    2,
    1,
    1,
    1,
    4,
    1,
    1,
    1,
    1,
    1,
    1,
    1,
    1,
    1,
    1,
    1,
    2,
    1,
    4,
    1,
    1,
    1,
    1,
    1,
    1,
    1,
    1,
    1,
    1,
    1,
    1,
    1,
    1,
    1,
    1,
    1,
    1,
    1,
    1,
    2,
    1,
    1,
    1,
    1,
    1,
    1,
    1,
    1,
    1,
    1,
    1,
    1,
    1,
    1,
    1,
    1,
    1,
    1,
    1,
    1,
    1,
    1,
    1,
    1,
    1,
    1,
    1,
    1,
    1,
    1,
    1,
    1,
    1,
    3,
    1,
    1,
    1,
    1,
    1,
    1,
    1,
    1,
    1,
    1,
    2,
    1,
    1,
    1,
    1,
    1,
    1,
    1,
    1,
    1,
    1,
    1,
    1,
    1,
    1,
    1,
    1,
    1,
    1,
    1,
    1,
    1,
    1,
    1,
    2,
    1,
    1,
    1,
    1,
    1,
    1,
    2,
    1,
    1,
    1,
    1,
    1,
    1,
    1,
    1,
    2,
    1,
    1,
    1,
    1,
    1,
    1,
    1,
    1,
    1,
    2,
    1,
    1,
    1,
    1,
    1,
    1,
    1,
    1,
    2,
    3,
    1,
    2,
    1,
    2,
    1,
    1,
    1,
    1,
    1,
    1,
    2,
    1,
    1,
    1,
    1,
    1,
    1,
    1,
    1,
    1,
    1,
    1,
    1,
    1,
    1,
    1,
    1,
    1,
    1,
    1,
    1,
    1,
    1,
    1,
    1,
    1,
    1,
    1,
    1,
    1,
    1,
    1,
    1,
    1,
    1,
    1,
    1,
    1,
    1,
    1,
    1,
    1,
    1,
    1,
    2,
    1,
    1,
    1,
    1,
    1,
    1,
    1,
    1,
    1,
    1,
    1,
    1,
    1,
    1,
    1,
    2,
    1,
    1,
    1,
    1,
    1,
    1,
    1,
    1,
    1,
    1,
    1,
    1,
    1,
    1,
    1,
    1,
    1,
    1,
    1,
    1,
    1,
    1,
    1,
    1,
    1,
    1,
    1,
    1,
    1,
    1,
    1,
    1,
    1,
    1,
    1,
    1,
    1,
    1,
    1,
    1,
    1,
    1,
    1,
    1,
    1,
    1,
    1,
    1,
    1,
    1,
    1,
    1,
    1,
    1,
    1,
    1,
    1,
    1,
    1,
    1,
    1,
    1,
    1,
    1,
    1,
    1,
    1,
    1,
    2,
    1,
    1,
    3,
    1,
    1,
    1,
    2,
    1,
    1,
    1,
    1,
    1,
    1,
    1,
    1,
    1,
    1,
    1,
    1,
    1,
    1,
    3,
    1,
    2,
    1,
    1,
    1,
    1,
    1,
    1,
    1,
    1,
    2,
    1,
    1,
    1,
    1,
    1,
    1,
    1,
    1,
    1,
    1,
    1,
    1,
    1,
    1,
    1,
    1,
    1,
    1,
    1,
    1,
    1,
    1,
    1,
    1,
    1,
    1,
    1,
    1,
    1,
    1,
    1,
    1,
    1
  ],
  "deleted_char_distribution": {
    "min": 26,
    "q25": 52.0,
    "median": 52,
    "q75": 76.0,
    "max": 943,
    "mean": 74.36294896030246
  },
  "e2_summary_path": "/root/autodl-tmp/ragwm_storage/output/sanitization_e2e_nf_strict_v1/conditions/e2_gainratio_delete/sanitization/gainratio_sanitization_summary.json",
  "e2_summary_sha256": "c94a76a3944dce7bb2538f7155f71776e22ed13bdcf119bdf5a5e56ff0fb58a7",
  "e2_deletion_log_path": "/root/autodl-tmp/ragwm_storage/output/sanitization_e2e_nf_strict_v1/conditions/e2_gainratio_delete/sanitization/gainratio_deletion_log.jsonl",
  "e2_deletion_log_sha256": "22e8dbc617db275883716a07e378f363ec0b01529b658d58c8a396a8aa0694eb"
}
E3 BUDGET FREEZE PASS
