{
  "total": 30,
  "e0_watermarked_WSN": 26,
  "e1_oracle": {
    "WSN": 5,
    "absolute_WSN_drop_from_e0": 21,
    "relative_WSN_reduction_from_e0": 0.8076923076923077,
    "paired_yes_to_no": 23,
    "paired_yes_to_yes": 3,
    "paired_no_to_yes": 2,
    "paired_attack_success_rate": 0.8846153846153846,
    "unknown_count": 0
  },
  "e2_gainratio": {
    "WSN": 17,
    "absolute_WSN_drop_from_e0": 9,
    "relative_WSN_reduction_from_e0": 0.34615384615384615,
    "paired_yes_to_no": 11,
    "paired_yes_to_yes": 15,
    "paired_no_to_yes": 2,
    "paired_attack_success_rate": 0.4230769230769231,
    "unknown_count": 0
  },
  "e2_oracle_gap_closure": 0.42857142857142855,
  "random_seed_count": 5,
  "random_WSN_values": [
    23,
    24,
    24,
    23,
    23
  ],
  "random_WSN_mean": 23.4,
  "random_WSN_std": 0.5477225575051661,
  "random_WSN_min": 23,
  "random_WSN_max": 24,
  "random_paired_ASR_mean": 0.11538461538461539,
  "gainratio_WSN_advantage_vs_random_mean": 6.399999999999999,
  "gainratio_beats_random_seed_count": 5,
  "gainratio_ties_random_seed_count": 0,
  "gainratio_worse_than_random_seed_count": 0,
  "random_results": [
    {
      "WSN": 23,
      "absolute_WSN_drop_from_e0": 3,
      "relative_WSN_reduction_from_e0": 0.11538461538461539,
      "paired_yes_to_no": 4,
      "paired_yes_to_yes": 22,
      "paired_no_to_yes": 1,
      "paired_attack_success_rate": 0.15384615384615385,
      "unknown_count": 0,
      "seed": 101,
      "budget": {
        "seed": 101,
        "input_document_count": 3633,
        "eligible_document_count": 3630,
        "modified_document_count": 529,
        "target_modified_document_count": 529,
        "modified_document_count_match": true,
        "target_total_deleted_chars": 39338,
        "actual_total_deleted_chars": 39714,
        "absolute_total_budget_error": 376,
        "relative_total_budget_error": 0.009558188011591844,
        "budget_match_pass": true,
        "selection_uses_ground_truth": false,
        "selection_policy": "Uniformly randomized eligible-document pool with sentence-boundary suffix cuts chosen to approximately match E2 per-document deletion lengths.",
        "corpus": "/root/autodl-tmp/ragwm_storage/output/sanitization_e2e_nf_strict_v1/conditions/e3_random_baselines/seed_101/sanitization/random_sanitized_corpus.jsonl",
        "corpus_sha256": "d7e1d3fb9f90ee2e3883fd4fb04bc9cddc38e1d721f16b98435089b5e776f862",
        "deletion_log": "/root/autodl-tmp/ragwm_storage/output/sanitization_e2e_nf_strict_v1/conditions/e3_random_baselines/seed_101/sanitization/random_deletion_log.jsonl",
        "deletion_log_sha256": "551db9eaa7f38a6f8b88bb0ffd6f43ed3e4439a277ba43fef6b10f70253c2781"
      },
      "posthoc_ground_truth": {
        "note": "Ground truth is used only after random selection for audit.",
        "document_count": 3633,
        "known_watermark_text_count": 222,
        "watermarked_document_count_by_exact_scan": 143,
        "modified_document_count": 529,
        "randomly_hit_watermarked_documents": 46,
        "randomly_modified_clean_documents": 483,
        "unmodified_watermarked_documents": 97,
        "unmodified_clean_documents": 3007,
        "document_precision_against_watermark": 0.08695652173913043,
        "watermarked_document_hit_rate": 0.32167832167832167,
        "clean_document_modification_rate": 0.13839541547277937,
        "exact_watermark_occurrences_before": 223,
        "exact_watermark_occurrences_after": 173,
        "exact_watermark_occurrence_removal_rate": 0.2242152466367713,
        "documents_with_any_exact_watermark_after": 112
      }
    },
    {
      "WSN": 24,
      "absolute_WSN_drop_from_e0": 2,
      "relative_WSN_reduction_from_e0": 0.07692307692307693,
      "paired_yes_to_no": 3,
      "paired_yes_to_yes": 23,
      "paired_no_to_yes": 1,
      "paired_attack_success_rate": 0.11538461538461539,
      "unknown_count": 0,
      "seed": 202,
      "budget": {
        "seed": 202,
        "input_document_count": 3633,
        "eligible_document_count": 3630,
        "modified_document_count": 529,
        "target_modified_document_count": 529,
        "modified_document_count_match": true,
        "target_total_deleted_chars": 39338,
        "actual_total_deleted_chars": 39626,
        "absolute_total_budget_error": 288,
        "relative_total_budget_error": 0.007321165285474605,
        "budget_match_pass": true,
        "selection_uses_ground_truth": false,
        "selection_policy": "Uniformly randomized eligible-document pool with sentence-boundary suffix cuts chosen to approximately match E2 per-document deletion lengths.",
        "corpus": "/root/autodl-tmp/ragwm_storage/output/sanitization_e2e_nf_strict_v1/conditions/e3_random_baselines/seed_202/sanitization/random_sanitized_corpus.jsonl",
        "corpus_sha256": "8086e9977667da3feaf0b00a8c4db52b7b37f6b3afa1de7fc9c2007656909c78",
        "deletion_log": "/root/autodl-tmp/ragwm_storage/output/sanitization_e2e_nf_strict_v1/conditions/e3_random_baselines/seed_202/sanitization/random_deletion_log.jsonl",
        "deletion_log_sha256": "80143812f23a155ade5d87e47f7eae51552f4e45534201c55a7f557e6f5844df"
      },
      "posthoc_ground_truth": {
        "note": "Ground truth is used only after random selection for audit.",
        "document_count": 3633,
        "known_watermark_text_count": 222,
        "watermarked_document_count_by_exact_scan": 143,
        "modified_document_count": 529,
        "randomly_hit_watermarked_documents": 41,
        "randomly_modified_clean_documents": 488,
        "unmodified_watermarked_documents": 102,
        "unmodified_clean_documents": 3002,
        "document_precision_against_watermark": 0.07750472589792061,
        "watermarked_document_hit_rate": 0.2867132867132867,
        "clean_document_modification_rate": 0.13982808022922635,
        "exact_watermark_occurrences_before": 223,
        "exact_watermark_occurrences_after": 181,
        "exact_watermark_occurrence_removal_rate": 0.18834080717488788,
        "documents_with_any_exact_watermark_after": 121
      }
    },
    {
      "WSN": 24,
      "absolute_WSN_drop_from_e0": 2,
      "relative_WSN_reduction_from_e0": 0.07692307692307693,
      "paired_yes_to_no": 2,
      "paired_yes_to_yes": 24,
      "paired_no_to_yes": 0,
      "paired_attack_success_rate": 0.07692307692307693,
      "unknown_count": 0,
      "seed": 303,
      "budget": {
        "seed": 303,
        "input_document_count": 3633,
        "eligible_document_count": 3630,
        "modified_document_count": 529,
        "target_modified_document_count": 529,
        "modified_document_count_match": true,
        "target_total_deleted_chars": 39338,
        "actual_total_deleted_chars": 39693,
        "absolute_total_budget_error": 355,
        "relative_total_budget_error": 0.009024353042859323,
        "budget_match_pass": true,
        "selection_uses_ground_truth": false,
        "selection_policy": "Uniformly randomized eligible-document pool with sentence-boundary suffix cuts chosen to approximately match E2 per-document deletion lengths.",
        "corpus": "/root/autodl-tmp/ragwm_storage/output/sanitization_e2e_nf_strict_v1/conditions/e3_random_baselines/seed_303/sanitization/random_sanitized_corpus.jsonl",
        "corpus_sha256": "98f0d2dd0328d515c3d910e0616899d2e036406a20733b5285864e2b057c23e5",
        "deletion_log": "/root/autodl-tmp/ragwm_storage/output/sanitization_e2e_nf_strict_v1/conditions/e3_random_baselines/seed_303/sanitization/random_deletion_log.jsonl",
        "deletion_log_sha256": "5e15633e0d13682290e69c578da1c958ed0dd814f5f8e94c4c4faa1939c71b11"
      },
      "posthoc_ground_truth": {
        "note": "Ground truth is used only after random selection for audit.",
        "document_count": 3633,
        "known_watermark_text_count": 222,
        "watermarked_document_count_by_exact_scan": 143,
        "modified_document_count": 529,
        "randomly_hit_watermarked_documents": 46,
        "randomly_modified_clean_documents": 483,
        "unmodified_watermarked_documents": 97,
        "unmodified_clean_documents": 3007,
        "document_precision_against_watermark": 0.08695652173913043,
        "watermarked_document_hit_rate": 0.32167832167832167,
        "clean_document_modification_rate": 0.13839541547277937,
        "exact_watermark_occurrences_before": 223,
        "exact_watermark_occurrences_after": 177,
        "exact_watermark_occurrence_removal_rate": 0.2062780269058296,
        "documents_with_any_exact_watermark_after": 114
      }
    },
    {
      "WSN": 23,
      "absolute_WSN_drop_from_e0": 3,
      "relative_WSN_reduction_from_e0": 0.11538461538461539,
      "paired_yes_to_no": 3,
      "paired_yes_to_yes": 23,
      "paired_no_to_yes": 0,
      "paired_attack_success_rate": 0.11538461538461539,
      "unknown_count": 0,
      "seed": 404,
      "budget": {
        "seed": 404,
        "input_document_count": 3633,
        "eligible_document_count": 3630,
        "modified_document_count": 529,
        "target_modified_document_count": 529,
        "modified_document_count_match": true,
        "target_total_deleted_chars": 39338,
        "actual_total_deleted_chars": 39710,
        "absolute_total_budget_error": 372,
        "relative_total_budget_error": 0.009456505160404697,
        "budget_match_pass": true,
        "selection_uses_ground_truth": false,
        "selection_policy": "Uniformly randomized eligible-document pool with sentence-boundary suffix cuts chosen to approximately match E2 per-document deletion lengths.",
        "corpus": "/root/autodl-tmp/ragwm_storage/output/sanitization_e2e_nf_strict_v1/conditions/e3_random_baselines/seed_404/sanitization/random_sanitized_corpus.jsonl",
        "corpus_sha256": "278d03fabd8716410d55b56ff3f3b7e1fb99b7505f066f20d9c4e8a742ecc86a",
        "deletion_log": "/root/autodl-tmp/ragwm_storage/output/sanitization_e2e_nf_strict_v1/conditions/e3_random_baselines/seed_404/sanitization/random_deletion_log.jsonl",
        "deletion_log_sha256": "61110a44fc7822da9769ac87c353e99299077225dd824eecef74a9facde12a8a"
      },
      "posthoc_ground_truth": {
        "note": "Ground truth is used only after random selection for audit.",
        "document_count": 3633,
        "known_watermark_text_count": 222,
        "watermarked_document_count_by_exact_scan": 143,
        "modified_document_count": 529,
        "randomly_hit_watermarked_documents": 32,
        "randomly_modified_clean_documents": 497,
        "unmodified_watermarked_documents": 111,
        "unmodified_clean_documents": 2993,
        "document_precision_against_watermark": 0.06049149338374291,
        "watermarked_document_hit_rate": 0.22377622377622378,
        "clean_document_modification_rate": 0.14240687679083094,
        "exact_watermark_occurrences_before": 223,
        "exact_watermark_occurrences_after": 189,
        "exact_watermark_occurrence_removal_rate": 0.15246636771300448,
        "documents_with_any_exact_watermark_after": 123
      }
    },
    {
      "WSN": 23,
      "absolute_WSN_drop_from_e0": 3,
      "relative_WSN_reduction_from_e0": 0.11538461538461539,
      "paired_yes_to_no": 3,
      "paired_yes_to_yes": 23,
      "paired_no_to_yes": 0,
      "paired_attack_success_rate": 0.11538461538461539,
      "unknown_count": 0,
      "seed": 505,
      "budget": {
        "seed": 505,
        "input_document_count": 3633,
        "eligible_document_count": 3630,
        "modified_document_count": 529,
        "target_modified_document_count": 529,
        "modified_document_count_match": true,
        "target_total_deleted_chars": 39338,
        "actual_total_deleted_chars": 39705,
        "absolute_total_budget_error": 367,
        "relative_total_budget_error": 0.009329401596420763,
        "budget_match_pass": true,
        "selection_uses_ground_truth": false,
        "selection_policy": "Uniformly randomized eligible-document pool with sentence-boundary suffix cuts chosen to approximately match E2 per-document deletion lengths.",
        "corpus": "/root/autodl-tmp/ragwm_storage/output/sanitization_e2e_nf_strict_v1/conditions/e3_random_baselines/seed_505/sanitization/random_sanitized_corpus.jsonl",
        "corpus_sha256": "0dee707e72aaf0428e9f82aeb438ec033fdb0d46f3b939ce276320cb9959c0de",
        "deletion_log": "/root/autodl-tmp/ragwm_storage/output/sanitization_e2e_nf_strict_v1/conditions/e3_random_baselines/seed_505/sanitization/random_deletion_log.jsonl",
        "deletion_log_sha256": "8dd02d43ec0ba37bd6ff2d264ac2e22fb497ff33232703d152ec17d680b431a0"
      },
      "posthoc_ground_truth": {
        "note": "Ground truth is used only after random selection for audit.",
        "document_count": 3633,
        "known_watermark_text_count": 222,
        "watermarked_document_count_by_exact_scan": 143,
        "modified_document_count": 529,
        "randomly_hit_watermarked_documents": 42,
        "randomly_modified_clean_documents": 487,
        "unmodified_watermarked_documents": 101,
        "unmodified_clean_documents": 3003,
        "document_precision_against_watermark": 0.07939508506616257,
        "watermarked_document_hit_rate": 0.2937062937062937,
        "clean_document_modification_rate": 0.13954154727793697,
        "exact_watermark_occurrences_before": 223,
        "exact_watermark_occurrences_after": 181,
        "exact_watermark_occurrence_removal_rate": 0.18834080717488788,
        "documents_with_any_exact_watermark_after": 122
      }
    }
  ],
  "all_runs_valid": true
}
E0/E1/E2/E3 COMPARISON PASS
