{
  "seed": 303,
  "input_document_count": 3633,
  "eligible_document_count": 3630,
  "modified_document_count": 529,
  "target_modified_document_count": 529,
  "modified_document_count_match": true,
  "target_total_deleted_chars": 39338,
  "actual_total_deleted_chars": 39693,
  "absolute_total_budget_error": 355,
  "relative_total_budget_error": 0.009024353042859323,
  "budget_match_pass": true,
  "selection_uses_ground_truth": false,
  "selection_policy": "Uniformly randomized eligible-document pool with sentence-boundary suffix cuts chosen to approximately match E2 per-document deletion lengths.",
  "corpus": "/root/autodl-tmp/ragwm_storage/output/sanitization_e2e_nf_strict_v1/conditions/e3_random_baselines/seed_303/sanitization/random_sanitized_corpus.jsonl",
  "corpus_sha256": "98f0d2dd0328d515c3d910e0616899d2e036406a20733b5285864e2b057c23e5",
  "deletion_log": "/root/autodl-tmp/ragwm_storage/output/sanitization_e2e_nf_strict_v1/conditions/e3_random_baselines/seed_303/sanitization/random_deletion_log.jsonl",
  "deletion_log_sha256": "5e15633e0d13682290e69c578da1c958ed0dd814f5f8e94c4c4faa1939c71b11"
}
RANDOM SANITIZATION PASS
