{
  "total": 30,
  "e0_watermarked_WSN": 26,
  "e1_oracle_WSN": 5,
  "e2_gainratio_WSN": 17,
  "e2_absolute_WSN_drop": 9,
  "e2_relative_WSN_reduction": 0.34615384615384615,
  "e2_paired_baseline_positive_count": 26,
  "e2_paired_broken_count": 11,
  "e2_paired_retained_count": 15,
  "e2_false_gain_count": 2,
  "e2_paired_attack_success_rate": 0.4230769230769231,
  "oracle_gap_closure": 0.42857142857142855,
  "mcnemar_yes_to_no": 11,
  "mcnemar_no_to_yes": 2,
  "mcnemar_exact_two_sided_p": 0.0224609375,
  "e2_unknown_count": 0,
  "run_valid": true
}
E0/E1/E2 COMPARISON PASS
