{
  "experiment_role": "aligned_end_to_end_sensitivity",
  "total": 30,
  "e0_watermarked_WSN": 26,
  "e1_oracle_WSN": 5,
  "aligned_gainratio_WSN": 17,
  "aligned_absolute_WSN_drop": 9,
  "aligned_relative_WSN_reduction": 0.34615384615384615,
  "aligned_paired_baseline_positive_count": 26,
  "aligned_paired_broken_count": 9,
  "aligned_paired_retained_count": 17,
  "aligned_false_gain_count": 0,
  "aligned_paired_attack_success_rate": 0.34615384615384615,
  "oracle_gap_closure": 0.42857142857142855,
  "mcnemar_yes_to_no": 9,
  "mcnemar_no_to_yes": 0,
  "mcnemar_exact_two_sided_p": 0.00390625,
  "aligned_unknown_count": 0,
  "run_valid": true,
  "warning": "Sensitivity result only; do not overwrite the sealed strict-v1 E2 main result."
}
E0/E1/ALIGNED COMPARISON PASS
