Failed to send telemetry event ClientStartEvent: capture() takes 1 positional argument but 3 were given
Failed to send telemetry event CollectionGetEvent: capture() takes 1 positional argument but 3 were given
Failed to send telemetry event CollectionGetEvent: capture() takes 1 positional argument but 3 were given
Failed to send telemetry event CollectionGetEvent: capture() takes 1 positional argument but 3 were given
{
  "experiment_role": "trec_covid_fresh_boundary_dataset_aligned_cross_dataset_v1",
  "database_path": "/root/autodl-tmp/ragwm_storage/chromadb_db",
  "collection": "trec-covid_contriever_cosine",
  "collection_count": 171332,
  "injection_file": "/root/autodl-tmp/ragwm_storage/output/wm_generate/trec-covid/10/wmuint_inject.json",
  "injection_file_sha256": "28c94133acdbe753fa249d888c6fbe88e9b5874b7ec2897d8429cee20148f006",
  "random_seed": 12,
  "watermark_unit_count": 50,
  "unique_watermark_text_count": 228,
  "unique_injected_document_count": 182,
  "raw_valid_injected_record_count": 229,
  "skipped_injected_record_count": 1,
  "skipped_injected_records": [
    {
      "unit_index": 37,
      "document_rank": 2,
      "document_id": "id_134919",
      "reason": "context_too_short"
    }
  ],
  "raw_valid_clean_record_count": 229,
  "balanced_total_record_count": 458,
  "positive_injected_count": 229,
  "negative_clean_count": 229,
  "target_in_context_count": 0,
  "context_contains_any_watermark_count": 0,
  "clean_target_contains_any_watermark_count": 0,
  "duplicate_full_text_count": 0,
  "length_mismatch_unit_count": 0,
  "length_mismatch_units": [],
  "run_valid": true
}
TREC-COVID FRESH BOUNDARY BUILD PASS
